
> frontend@0.1.0 build
> next build

  Γû▓ Next.js 14.2.35
  - Environments: .env.local

   Creating an optimized production build ...
node.exe : Failed to compile.
At line:1 char:1
+ & "C:\Program Files\nodejs/node.exe" 
"C:\Program Files\nodejs/node_mo ...
+ ~~~~~~~~~~~~~~~~~~~~~~~~~~~~~~~~~~~~~~~~~~~
~~~~~~~~~~~~~~~~~~~~~~~~~~
    + CategoryInfo          : NotSpecified:  
   (Failed to compile.:String) [], RemoteEx  
  ception
    + FullyQualifiedErrorId : NativeCommandE 
   rror
 

./app/globals.css
Module not found: Can't resolve 'tailwindcss'

https://nextjs.org/docs/messages/module-not-f
ound

Import trace for requested module:
./app/globals.css

./app/globals.css
Error: Can't resolve 'tailwindcss'
    at finishWithoutResolve (D:\LinkHubApp\fr
ontend\node_modules\next\dist\compiled\webpac
k\bundle5.js:1:192542)
    at D:\LinkHubApp\frontend\node_modules\ne
xt\dist\compiled\webpack\bundle5.js:1:193439
    at D:\LinkHubApp\frontend\node_modules\ne
xt\dist\compiled\webpack\bundle5.js:1:194068
    at eval (eval at create (D:\LinkHubApp\fr
ontend\node_modules\next\dist\compiled\webpac
k\bundle5.js:13:28858), <anonymous>:16:1)
    at D:\LinkHubApp\frontend\node_modules\ne
xt\dist\compiled\webpack\bundle5.js:1:194068
    at eval (eval at create (D:\LinkHubApp\fr
ontend\node_modules\next\dist\compiled\webpac
k\bundle5.js:13:28858), <anonymous>:27:1)
    at D:\LinkHubApp\frontend\node_modules\ne
xt\dist\compiled\webpack\bundle5.js:1:176872
    at D:\LinkHubApp\frontend\node_modules\ne
xt\dist\compiled\webpack\bundle5.js:1:194068
    at eval (eval at create (D:\LinkHubApp\fr
ontend\node_modules\next\dist\compiled\webpac
k\bundle5.js:13:28858), <anonymous>:16:1)
    at D:\LinkHubApp\frontend\node_modules\ne
xt\dist\compiled\webpack\bundle5.js:1:209682

https://nextjs.org/docs/messages/module-not-f
ound


> Build failed because of webpack errors
