src/test-auth.ts(1,19): error TS2307: Cannot find module 'axios' or its corresponding type declarations.
src/test-auth.ts(2,25): error TS2307: Cannot find module 'axios-cookiejar-support' or its corresponding type declarations.
src/test-auth.ts(3,27): error TS2307: Cannot find module 'tough-cookie' or its corresponding type declarations.
